// Jest Snapshot v1, https://goo.gl/fbAQLP

exports[`Example component given default props should render correctly 1`] = `
<View
  style={
    Array [
      Object {
        "alignSelf": "center",
        "backgroundColor": "green",
        "display": "flex",
        "height": 667,
        "justifyContent": "center",
        "opacity": 1,
        "width": 750,
      },
    ]
  }
>
  <Text
    style={
      Array [
        Object {
          "fontSize": 48,
          "fontWeight": "bold",
          "textAlign": "center",
        },
      ]
    }
  >
    Tap To Navigate
  </Text>
</View>
`;
